2026-09-28 15:36:36 [INFO] EnergyZero OK in 2 s: 222 uurprijzen bijgewerkt
2026-09-28 15:50:03 [INFO] TenderNed OK in 807 s: 1000 nieuwe publicaties
2026-09-28 15:51:43 [INFO] RDW OK in 100 s: 18527 personenauto-registraties sinds 2026-09-18 verwerkt
2026-09-28 15:53:43 [INFO] Laadpunten OK in 120 s: 80203 locaties, 201328 laadpunten (42244 aan het laden); bestand van 2026-09-28T13:52:01Z
2026-09-28 15:53:49 [INFO] Netcongestie OK in 6 s: Capaciteitskaart_elektriciteitsnet_v2_afname nieuwe momentopname (925 gebieden); Capaciteitskaart_elektriciteitsnet_v2_teruglevering nieuwe momentopname (925 gebieden); Capaciteitskaart_Tennet_afname nieuwe momentopname (27 gebieden); Capaciteitskaart_Tennet_teruglevering nieuwe momentopname (27 gebieden)
2026-09-28 15:54:26 [INFO] KvkOpenData OK in 36 s: 1919229 bv's/nv's verwerkt, waarvan 77221 met status faillissement
2026-09-28 14:45:11 [INFO] EnergyZero OK in 9 s: 218 uurprijzen bijgewerkt
2026-09-28 15:06:02 [INFO] Laadpunten OK in 34 s: 80208 locaties, 201338 laadpunten (44524 aan het laden); bestand van 2026-09-28T15:05:35Z
2026-09-28 16:37:34 [INFO] Laadpunten OK in 43 s: 80206 locaties, 201327 laadpunten (47094 aan het laden); bestand van 2026-09-28T16:36:59Z
2026-09-28 17:06:05 [INFO] Laadpunten OK in 32 s: 80206 locaties, 201327 laadpunten (48695 aan het laden); bestand van 2026-09-28T17:05:38Z
2026-09-28 18:05:46 [INFO] Laadpunten OK in 23 s: 80207 locaties, 201329 laadpunten (50467 aan het laden); bestand van 2026-09-28T18:05:29Z
2026-09-28 19:06:04 [INFO] Laadpunten OK in 32 s: 80207 locaties, 201329 laadpunten (51891 aan het laden); bestand van 2026-09-28T19:05:37Z
2026-09-28 20:06:21 [INFO] Laadpunten OK in 51 s: 80207 locaties, 201329 laadpunten (52496 aan het laden); bestand van 2026-09-28T20:05:36Z
2026-09-28 21:06:22 [INFO] Laadpunten OK in 50 s: 80208 locaties, 201331 laadpunten (53257 aan het laden); bestand van 2026-09-28T21:05:39Z
2026-09-28 22:06:15 [INFO] Laadpunten OK in 39 s: 80261 locaties, 201446 laadpunten (53848 aan het laden); bestand van 2026-09-28T22:05:41Z
2026-09-28 23:06:14 [INFO] Laadpunten OK in 50 s: 80262 locaties, 201448 laadpunten (54216 aan het laden); bestand van 2026-09-28T23:05:30Z
2026-09-29 00:06:03 [INFO] Laadpunten OK in 37 s: 80262 locaties, 201448 laadpunten (54300 aan het laden); bestand van 2026-09-29T00:05:35Z
2026-09-29 01:06:18 [INFO] Laadpunten OK in 48 s: 80262 locaties, 201448 laadpunten (54366 aan het laden); bestand van 2026-09-29T01:05:35Z
2026-09-29 02:06:28 [INFO] Laadpunten OK in 52 s: 80262 locaties, 201448 laadpunten (54314 aan het laden); bestand van 2026-09-29T02:05:43Z
2026-09-29 03:06:16 [INFO] Laadpunten OK in 51 s: 80262 locaties, 201448 laadpunten (53915 aan het laden); bestand van 2026-09-29T03:05:32Z
2026-09-29 04:05:52 [INFO] Laadpunten OK in 22 s: 74891 locaties, 187513 laadpunten (50385 aan het laden); bestand van 2026-09-29T04:05:36Z
2026-09-29 04:30:48 [INFO] EnergyZero OK in 3 s: 170 uurprijzen bijgewerkt
2026-09-29 04:31:47 [INFO] TenderNed OK in 59 s: 53 nieuwe publicaties
2026-09-29 04:33:17 [INFO] RDW OK in 91 s: 15290 personenauto-registraties sinds 2026-09-19 verwerkt
2026-09-29 04:34:06 [INFO] Laadpunten OK in 48 s: 74891 locaties, 187513 laadpunten (48132 aan het laden); bestand van 2026-09-29T04:33:23Z
2026-09-29 04:34:10 [INFO] Netcongestie OK in 4 s: Capaciteitskaart_elektriciteitsnet_v2_afname ongewijzigd; Capaciteitskaart_elektriciteitsnet_v2_teruglevering ongewijzigd; Capaciteitskaart_Tennet_afname ongewijzigd; Capaciteitskaart_Tennet_teruglevering ongewijzigd
2026-09-29 04:34:23 [INFO] KvkOpenData OK in 14 s: 1920569 bv's/nv's verwerkt, waarvan 77225 met status faillissement
2026-09-29 05:06:22 [INFO] Laadpunten OK in 50 s: 74891 locaties, 187513 laadpunten (44467 aan het laden); bestand van 2026-09-29T05:05:38Z
2026-09-29 06:06:22 [INFO] Laadpunten OK in 47 s: 74891 locaties, 187513 laadpunten (36462 aan het laden); bestand van 2026-09-29T06:05:40Z
